// Jest Snapshot v1, https://goo.gl/fbAQLP

exports[`CityWeather Component renders correctly and matches snapshot 1`] = `
<View
  style={
    {
      "alignItems": "center",
      "flexDirection": "row",
      "justifyContent": "space-between",
      "padding": 10,
    }
  }
  testID="city_weather_component"
>
  <View
    style={
      {
        "alignItems": "center",
        "flexDirection": "row",
        "gap": 10,
      }
    }
  >
    <Image
      source="broken_clouds.png"
      style={
        {
          "height": 70,
          "width": 70,
        }
      }
    />
    <View>
      <Text
        style={
          {
            "fontSize": 18,
            "fontWeight": "500",
          }
        }
      >
        Kyiv
      </Text>
      <Text
        style={
          {
            "color": "#909090",
            "fontSize": 14,
            "fontWeight": "700",
          }
        }
      >
        Overcast Clouds
      </Text>
    </View>
  </View>
  <View
    style={
      {
        "backgroundColor": "#6aa9b8",
        "borderRadius": 50,
        "paddingHorizontal": 15,
        "paddingVertical": 5,
      }
    }
  >
    <Text
      style={
        {
          "color": "white",
          "fontSize": 18,
          "fontWeight": "bold",
        }
      }
    >
      292.4
      Â°F
    </Text>
  </View>
</View>
`;
